要 add 的路径 21 个（不在盘上的 0 个）
The following paths are ignored by one of your .gitignore files:
release
hint: Use -f if you really want to add them.
hint: Disable this message with "git config advice.addIgnoredFile false"

----- 暂存区 -----
M	build.gradle
M	build/zftools/_zf149_verify.py
A	build/zftools/_zf164_commit.py
A	build/zftools/_zf164_docs.py
A	build/zftools/_zf164_falsify.py
A	build/zftools/_zf164_gatediff.py
A	build/zftools/_zf164_gatesnap.py
A	build/zftools/_zf164_gatesnap.txt
A	build/zftools/_zf164_plan.md
A	build/zftools/_zf164_pre.py
A	build/zftools/_zf164_probe_utf8.txt
A	build/zftools/_zf164_verify.py
A	build/zftools/check/Zf164Check.java
M	docs/UpdateAnnouncement_EN.md
M	"docs/\345\244\232\344\274\232\350\257\235\345\215\217\344\275\234\344\272\244\346\216\245.md"
M	"docs/\345\274\200\345\217\221\346\241\243\346\241\210.md"
A	libs/Mekanism-1.21.1-10.7.19.85.jar
M	src/main/java/com/potatost/mod/FillingMachineBlockEntity.java
A	src/main/java/com/potatost/mod/MekChemicalBridge.java

暂存条目 = 19
[main b660344] ZF164 0.13：灌装机 × Mekanism —— 喷气背包能灌我们的氢了（0.13）
 19 files changed, 1693 insertions(+), 16 deletions(-)
 create mode 100644 build/zftools/_zf164_commit.py
 create mode 100644 build/zftools/_zf164_docs.py
 create mode 100644 build/zftools/_zf164_falsify.py
 create mode 100644 build/zftools/_zf164_gatediff.py
 create mode 100644 build/zftools/_zf164_gatesnap.py
 create mode 100644 build/zftools/_zf164_gatesnap.txt
 create mode 100644 build/zftools/_zf164_plan.md
 create mode 100644 build/zftools/_zf164_pre.py
 create mode 100644 build/zftools/_zf164_probe_utf8.txt
 create mode 100644 build/zftools/_zf164_verify.py
 create mode 100644 build/zftools/check/Zf164Check.java
 create mode 100644 libs/Mekanism-1.21.1-10.7.19.85.jar
 create mode 100644 src/main/java/com/potatost/mod/MekChemicalBridge.java

