Reusing configuration cache.
> Task :cacheVersionManifest1.21.1 UP-TO-DATE
> Task :cacheVersionExecutableServer1.21.1 UP-TO-DATE
> Task :cacheVersionExecutableClient1.21.1 UP-TO-DATE
> Task :cacheVersionMappingsClient1.21.1 UP-TO-DATE
> Task :cacheVersionExtractedServer1.21.1 UP-TO-DATE
> Task :neoFormStripClient UP-TO-DATE
> Task :neoFormStripServer UP-TO-DATE
> Task :create1.21.1ClientExtraJar UP-TO-DATE
> Task :neoFormMergeMappings UP-TO-DATE
> Task :selectRawArtifactNg_dummy_ng.net.minecraft_client_1.21.1_client-extra UP-TO-DATE
> Task :neoFormMerge UP-TO-DATE
> Task :neoFormListLibraries UP-TO-DATE
> Task :neoFormRename UP-TO-DATE
> Task :neoFormDecompile UP-TO-DATE
> Task :neoFormListTransformLibraries UP-TO-DATE
> Task :neoFormInject UP-TO-DATE
> Task :neoFormPatch UP-TO-DATE
> Task :neoFormPatchUserDev UP-TO-DATE
> Task :neoFormTransformSource UP-TO-DATE
> Task :neoFormRecompile UP-TO-DATE
> Task :supplyRawJarForneoFormJoined1.21.1-20240808.144430 UP-TO-DATE
> Task :selectRawArtifactNg_dummy_ng.net.neoforged_neoforge_21.1.235 UP-TO-DATE

> Task :compileJava FAILED
E:\PotatoST\src\main\java\com\potatost\mod\Zf133Check.java:215: 错误: 找不到符号
        event.getServer().getPlayerList().add(p);
                                         ^
  符号:   方法 add(ServerPlayer)
  位置: 类 PlayerList
E:\PotatoST\src\main\java\com\potatost\mod\Zf133Check.java:599: 错误: 找不到符号
        player.getServer().getPlayerList().add(endPlayer);
                                          ^
  符号:   方法 add(ServerPlayer)
  位置: 类 PlayerList
注: E:\PotatoST\src\main\java\com\potatost\mod\Zf133Check.java使用或覆盖了已过时的 API。
注: 有关详细信息, 请使用 -Xlint:deprecation 重新编译。
2 个错误

[Incubating] Problems report is available at: file:///E:/PotatoST/build/reports/problems/problems-report.html

FAILURE: Build failed with an exception.

* What went wrong:
Execution failed for task ':compileJava'.
> Compilation failed; see the compiler output below.
  注: E:\PotatoST\src\main\java\com\potatost\mod\Zf133Check.java使用或覆盖了已过时的 API。
  注: 有关详细信息, 请使用 -Xlint:deprecation 重新编译。
  E:\PotatoST\src\main\java\com\potatost\mod\Zf133Check.java:215: 错误: 找不到符号
          event.getServer().getPlayerList().add(p);
                                           ^
    符号:   方法 add(ServerPlayer)
    位置: 类 PlayerList
  E:\PotatoST\src\main\java\com\potatost\mod\Zf133Check.java:599: 错误: 找不到符号
          player.getServer().getPlayerList().add(endPlayer);
                                            ^
    符号:   方法 add(ServerPlayer)
    位置: 类 PlayerList
  2 个错误

* Try:
> Check your code and dependencies to fix the compilation error(s)
> Run with --scan to generate a Build Scan (powered by Develocity).

BUILD FAILED in 3s
23 actionable tasks: 1 executed, 22 up-to-date
Configuration cache entry reused.
