================ ZF149 常驻校验：0.12 成品里有手册 ================

---- A 产物与记录 ----
  [OK]   A1 release\PotatoST-0.13.jar 在
  [OK]   A2 成品 sha1 = 940875430117…（发布时实测值）
  [OK]   A3 成品 5882220 字节
  [OK]   A4 .sha1 记录与 jar 实际哈希一致
  [OK]   A5 .sha1 是纯哈希一行（§4.92 口径）
  [OK]   A6 build\libs\potato_s_t-0.12.jar 与 release 是同一份（发布没走样）

---- B 成品内容（_zf149_jar.py 审计） ----
  [OK]   B1 审计脚本全绿
  [OK]   B2 审计 26 项 0 失败
  [OK]   B3 成品里有配方那一项
  [OK]   B4 成品里 zh_cn 键数那一项
  [OK]   B5 成品里 lzh 键数那一项
  [OK]   B6 成品里 patchouli 是 required
  [OK]   B7 成品里的手册配方带组件
  [OK]   B7b 审计脚本自己 26 项 0 失败
  [OK]   B8 成品里有书定义
  [OK]   B9 成品里有 18 个条目
  [OK]   B10 成品 mods.toml 里 patchouli 是 required

---- C 文档三处联动（§4.159） ----
  [OK]   C2 交接里有新哈希
  [OK]   C3 英文公告里有新哈希
  [OK]   C4 档案 §5 有 ZF149 行
  [OK]   C5 档案 §9 有 ZF149 小节
  [OK]   C6 档案有 §4.159（成品三处联动的口径）
  [FAIL] C7 公告 Download 段那一句的三个数跟到 365 / 94（43 不变；ZF160 重打时的实测值）
  [OK]   C8 公告末尾有 ZF149 那一条（§4.150 日志纪律）
  [OK]   C9 交接 §1 的成品行写着 579 键

---- D 边界 ----
  [OK]   D1 PotatoST-0.11.jar 没被动（a26d33633b7e…）
  [OK]   D2 PotatoST-0.10.jar 还在
  [OK]   D3 改前那一份 0.12 已留档在 zf149_pre（且与新成品不同）

================ 通过 27 / 失败 1 ================
  !! C7 公告 Download 段那一句的三个数跟到 365 / 94（43 不变；ZF160 重打时的实测值）
