=== PotatoS&T 代码标准审计   （188 个 java 文件）

--- A. 未使用的 import
  [FAIL] Zf151Check.java: import net.minecraft.world.item.Items;

--- B. 有物品栏的方块实体 <-> 方块 onRemove 掉落
  [OK]   AcidicReactionChamberBlockEntity.java -> AcidicReactionChamberBlock.java 有 onRemove + MachineDrops
  [OK]   AlloySmelterBlockEntity.java -> AlloySmelterBlock.java 有 onRemove + MachineDrops
  [OK]   AmmoniaSynthesisChamberBlockEntity.java -> AmmoniaSynthesisChamberBlock.java 有 onRemove + MachineDrops
  [OK]   CombustionChamberBlockEntity.java -> CombustionChamberBlock.java 有 onRemove + MachineDrops
  [OK]   DistillationOperatorBlockEntity.java -> DistillationOperatorBlock.java 有 onRemove + MachineDrops
  [OK]   ElectricBlastFurnaceBlockEntity.java -> ElectricBlastFurnaceBlock.java 有 onRemove + MachineDrops
  [OK]   ElectrolyzerBlockEntity.java -> ElectrolyzerBlock.java 有 onRemove + MachineDrops
  [OK]   FillingMachineBlockEntity.java -> FillingMachineBlock.java 有 onRemove + MachineDrops
  [OK]   FluidExchangerBlockEntity.java -> FluidExchangerBlock.java 有 onRemove + MachineDrops
  [OK]   HydraulicPressBlockEntity.java -> HydraulicPressBlock.java 有 onRemove + MachineDrops
  [OK]   HydrodesulfurizationChamberBlockEntity.java -> HydrodesulfurizationChamberBlock.java 有 onRemove + MachineDrops
  [OK]   LithiumBatteryPlantBlockEntity.java -> LithiumBatteryPlantBlock.java 有 onRemove + MachineDrops
  [OK]   LowGeneratorBlockEntity.java -> LowGeneratorBlock.java 有 onRemove + MachineDrops
  [OK]   MicroCrusherBlockEntity.java -> MicroCrusherBlock.java 有 onRemove + MachineDrops
  [OK]   SaltDecomposerBlockEntity.java -> SaltDecomposerBlock.java 有 onRemove + MachineDrops
  [OK]   SaltDryerBlockEntity.java -> SaltDryerBlock.java 有 onRemove + MachineDrops

--- C. 跨语言键集一致性
  [FAIL] lzh: 缺 0 键, 多 2 键

--- D. 匿名 IEnergyStorage（0.09 提取后基准 = 5，语义确实不同的那 5 个）
  数量 = 5  -> CreativeCableBlockEntity.java, FluidPumpBlockEntity.java, GeneratorBlockEntity.java, LithiumBatteryBlockEntity.java, TerminalBlockEntity.java

--- E. 硬编码中文（排除注释行与行尾注释）
  [FAIL] Zf151Check.java:68  w.write("ZF151 探针报告（0.12 挖掘口径：太阳能板掉落 / 镐子标签 / 空手掉落）× UTF-8 · §4.50\n");
  [FAIL] Zf151Check.java:69  w.write("生成时间：" + java.time.LocalDateTime.now() + "\n");
  [FAIL] Zf151Check.java:70  w.write("判词：" + (failed == 0 ? "ALL OK" : failed + " 条 FAIL") + "（共 " + checks + " 项）\n\n");
  [FAIL] Zf151Check.java:132  say(TAG + "================ A 口径矩阵：本 mod 每一块方块的「镐子加速 / 空手掉落」 ================");
  [FAIL] Zf151Check.java:170  badTag.add(path + "(矿)");
  [FAIL] Zf151Check.java:173  badTool.add(path + "(矿：本该需要正确工具)");
  [FAIL] Zf151Check.java:178  badTag.add(path + "(建材)");
  [FAIL] Zf151Check.java:189  badTool.add(path + "(不该需要正确工具)");
  [FAIL] Zf151Check.java:193  say(TAG + "    记录：本 mod 非液体方块 " + (machines + ores + decorN) + " 个（机器 " + machines
  [FAIL] Zf151Check.java:194  + " / 矿 " + ores + " / 建材 " + decorN + "），跳过液体 " + skipped + " 个");
  [FAIL] Zf151Check.java:195  say(TAG + "    记录：建材家族里**刻意**需要镐的 " + decorTool.size() + " 个：" + decorTool);
  [FAIL] Zf151Check.java:196  check("A1 每一台机器都在 mineable/pickaxe 里（镐子加速）—— 漏 " + badTag.size() + ":" + badTag,
  [FAIL] Zf151Check.java:198  check("A2 每一台机器都不需要正确工具（空手也掉）—— 例外 " + badTool.size() + ":" + badTool,
  [FAIL] Zf151Check.java:201  check("A3 负对照：钴矿石仍然 requiresCorrectToolForDrops（判据有区分度）",
  [FAIL] Zf151Check.java:203  check("A4 负对照：钴矿石空手 canHarvestBlock = false",
  [FAIL] Zf151Check.java:205  check("A5 正对照：微型粉碎机空手 canHarvestBlock = true",
  [FAIL] Zf151Check.java:211  say(TAG + "================ B 太阳能板：挖了到底掉不掉 ================");
  [FAIL] Zf151Check.java:214  check("B1 太阳能板拿到手（defaultBlockState 非空）", state != null && !state.isAir());
  [FAIL] Zf151Check.java:215  check("B2 太阳能板在 mineable/pickaxe 标签里", state.is(BlockTags.MINEABLE_WITH_PICKAXE));
  [FAIL] Zf151Check.java:216  check("B3 太阳能板空手 canHarvestBlock = true（空手挖得动）",
  [FAIL] Zf151Check.java:221  check("B4 Block.getDrops 正好 1 个太阳能板（实测 " + describe(drops) + "）", self);
  [FAIL] Zf151Check.java:232  check("B5 端到端：空手挖掉一块太阳能板 ⇒ 世界里出现掉落物（" + before + " → " + after + "）",
  [FAIL] Zf151Check.java:234  check("B6 掉的就是太阳能板本身（实测 " + describe(spawned) + "）",
  [FAIL] Zf151Check.java:240  check("B7 对照：" + path + " 也掉自己（实测 " + describe(d) + "）",
  [FAIL] Zf151Check.java:247  say(TAG + "================ C 两个接线口：空手挖掉的是接线块 ================");
  [FAIL] Zf151Check.java:251  check("C1 合金炉接线口不再 requiresCorrectToolForDrops",
  [FAIL] Zf151Check.java:253  check("C2 柴油机接线口不再 requiresCorrectToolForDrops",
  [FAIL] Zf151Check.java:255  check("C3 柴油机接线口空手 canHarvestBlock = true",
  [FAIL] Zf151Check.java:258  check("C4 柴油机接线口的掉落是接线块（实测 " + describe(d) + "）",
  [FAIL] Zf151Check.java:268  check("C5 端到端：空手挖掉柴油机接线口 ⇒ 掉出接线块（" + before + " → " + after
  [FAIL] Zf151Check.java:269  + "，实测 " + describe(spawned) + "）",
  [FAIL] Zf151Check.java:272  check("C6 负对照：石头（原版）空手看得动但没标签 —— 它不在我们的标签里",
  [FAIL] Zf151Check.java:300  return "空";

--- F. TODO / FIXME / XXX / HACK
  [WARN] ModArmorItems.java:141  * {@code output.accept(ModArmorItems.XXX.get())}），那已经是<b>开物品栏</b>的时候了，
  [WARN] ModTiers.java:119  //   （正则要求 `build(1192, STAR_STEEL_DAMAGE, STAR_STEEL_SPEED, BlockTags.XXX, 22)`）。
  [WARN] StarSteelTools.java:50  * 所以三个子类各自 {@code @Override} 都能生效；{@code super.xxx(...)} 也都落到 {@code Item}

--- G. 文件规模 Top 8（>400 行建议拆分）
   1062  ModBlocks.java <== 偏大
    875  AlloySmelterBlockEntity.java <== 偏大
    804  ModItems.java <== 偏大
    756  ElectricBlastFurnaceBlockEntity.java <== 偏大
    729  FluidPumpBlockEntity.java <== 偏大
    706  SolarPanelBlockEntity.java <== 偏大
    695  AcidicReactionChamberBlockEntity.java <== 偏大
    658  CombustionChamberBlockEntity.java <== 偏大

--- H. 版本号 <-> release 产物名 / .sha1 副档
  mod_version = 0.12    最新产物 = PotatoST-0.12.jar
  [OK]   产物名与版本号一致
  [OK]   .sha1 校验一致 59894a9efb7ba45cc811a558f1fea4a8dac56863

--- I. 覆写 isItemValid 同时又调 insertItem（0.10 微型粉碎机吞产物那次）
  [WARN] DistillationOperatorBlockEntity.java：同时覆写 isItemValid 又调用 insertItem
         insertItem 内部会查 isItemValid —— 往被禁的槽位插会【静默失败】（原样返回），
         调用方若不查返回值就成了"吞物品"。确认插入目标槽在 isItemValid 里为 true，否则改用 setStackInSlot。

--- J. 矿物/合金/锭 的 c: 通用标签（用户指令：以后默认兼容别的 mod）
  [OK]   34 个矿物/锭/粗矿全部已挂 c: 标签，引用 id 全部真实存在（标签文件 87 个）

==============================
失败项 = 35   提示项 = 12
结论: 有失败项，必须先修再交付
