要 add 的路径 37 个（不在盘上的 0 个）

----- 暂存区 -----
A	build/zftools/_zf166_commit.py
A	build/zftools/_zf166_docs.py
A	build/zftools/_zf166_falsify.py
A	build/zftools/_zf166_filter_release.py
A	build/zftools/_zf166_gatesnap.py
A	build/zftools/_zf166_gatesnap.txt
A	build/zftools/_zf166_lang.py
A	build/zftools/_zf166_lang_fix.py
A	build/zftools/_zf166_probe_utf8.txt
A	build/zftools/_zf166_retarget.py
A	build/zftools/_zf166_retarget2.py
A	build/zftools/_zf166_retarget3.py
A	build/zftools/_zf166_rollback_release.py
A	build/zftools/_zf166_verify.py
M	build/zftools/_zf45_recipes.py
A	build/zftools/check/Zf166Check.java
M	docs/UpdateAnnouncement_EN.md
M	"docs/\345\244\232\344\274\232\350\257\235\345\215\217\344\275\234\344\272\244\346\216\245.md"
M	"docs/\345\274\200\345\217\221\346\241\243\346\241\210.md"
A	src/main/java/com/potatost/mod/FluidConverterBlock.java
A	src/main/java/com/potatost/mod/FluidConverterBlockEntity.java
A	src/main/java/com/potatost/mod/FluidConverterMenu.java
M	src/main/java/com/potatost/mod/ModBlocks.java
M	src/main/java/com/potatost/mod/ModItems.java
M	src/main/java/com/potatost/mod/ModMenus.java
M	src/main/java/com/potatost/mod/PotatoST.java
M	src/main/java/com/potatost/mod/PotatoSTClient.java
A	src/main/java/com/potatost/mod/client/FluidConverterScreen.java
A	src/main/resources/assets/potato_s_t/blockstates/fluid_converter.json
M	src/main/resources/assets/potato_s_t/lang/en_us.json
M	src/main/resources/assets/potato_s_t/lang/ja_jp.json
M	src/main/resources/assets/potato_s_t/lang/lzh.json
M	src/main/resources/assets/potato_s_t/lang/ru_ru.json
M	src/main/resources/assets/potato_s_t/lang/zh_cn.json
A	src/main/resources/assets/potato_s_t/models/block/fluid_converter.json
A	src/main/resources/assets/potato_s_t/models/item/fluid_converter.json
A	src/main/resources/data/potato_s_t/recipe/fluid_converter.json

[main c12d3ee] ZF166 0.13：新增流体转化器 —— 同标签流体跨 mod 1:1 互转（0.13）
 37 files changed, 3379 insertions(+), 12 deletions(-)
 create mode 100644 build/zftools/_zf166_commit.py
 create mode 100644 build/zftools/_zf166_docs.py
 create mode 100644 build/zftools/_zf166_falsify.py
 create mode 100644 build/zftools/_zf166_filter_release.py
 create mode 100644 build/zftools/_zf166_gatesnap.py
 create mode 100644 build/zftools/_zf166_gatesnap.txt
 create mode 100644 build/zftools/_zf166_lang.py
 create mode 100644 build/zftools/_zf166_lang_fix.py
 create mode 100644 build/zftools/_zf166_probe_utf8.txt
 create mode 100644 build/zftools/_zf166_retarget.py
 create mode 100644 build/zftools/_zf166_retarget2.py
 create mode 100644 build/zftools/_zf166_retarget3.py
 create mode 100644 build/zftools/_zf166_rollback_release.py
 create mode 100644 build/zftools/_zf166_verify.py
 create mode 100644 build/zftools/check/Zf166Check.java
 create mode 100644 src/main/java/com/potatost/mod/FluidConverterBlock.java
 create mode 100644 src/main/java/com/potatost/mod/FluidConverterBlockEntity.java
 create mode 100644 src/main/java/com/potatost/mod/FluidConverterMenu.java
 create mode 100644 src/main/java/com/potatost/mod/client/FluidConverterScreen.java
 create mode 100644 src/main/resources/assets/potato_s_t/blockstates/fluid_converter.json
 create mode 100644 src/main/resources/assets/potato_s_t/models/block/fluid_converter.json
 create mode 100644 src/main/resources/assets/potato_s_t/models/item/fluid_converter.json
 create mode 100644 src/main/resources/data/potato_s_t/recipe/fluid_converter.json

