Starting a Gradle Daemon, 1 busy Daemon could not be reused, use --status for details
Calculating task graph as configuration cache cannot be reused because file 'gradle.properties' has changed.
> Task :cacheVersionManifest1.21.1 UP-TO-DATE
> Task :cacheVersionExecutableClient1.21.1 UP-TO-DATE
> Task :neoFormStripClient UP-TO-DATE
> Task :cacheVersionMappingsClient1.21.1 FAILED
> Task :neoFormListLibraries UP-TO-DATE
> Task :cacheVersionExecutableServer1.21.1 UP-TO-DATE

[Incubating] Problems report is available at: file:///E:/PotatoST/build/reports/problems/problems-report.html

FAILURE: Build failed with an exception.

* What went wrong:
Execution failed for task ':cacheVersionMappingsClient1.21.1'.
> Failed to execute stage: Default[outputs=[OutputEntry[output=E:\PotatoST\.gradle\caches\minecraft\versions\1.21.1\client.txt, isDirectory=false, createsDirectory=false, mergesDirectory=false]], execute=net.neoforged.gradle.common.tasks.MinecraftArtifactFileCacheProvider$$Lambda/0x000001dfd1c2f618@69a18463]

* Try:
> Run with --stacktrace option to get the stack trace.
> Run with --info or --debug option to get more log output.
> Run with --scan to generate a Build Scan (powered by Develocity).
> Get more help at https://help.gradle.org.

Deprecated Gradle features were used in this build, making it incompatible with Gradle 10.

You can use '--warning-mode all' to show the individual deprecation warnings and determine if they come from your own scripts or plugins.

For more on this, please refer to https://docs.gradle.org/9.2.1/userguide/command_line_interface.html#sec:command_line_warnings in the Gradle documentation.

BUILD FAILED in 16s
6 actionable tasks: 1 executed, 5 up-to-date
Configuration cache entry stored.
