=== A 段：两条路都在，方块两条都试 ===
  [OK]   A1 方块实体里有 fillContainerFrom（罐 → 容器）
  [OK]   A2 方块里倒不进时会反过来试装走
  [OK]   A3 目标罐被占时会给提示
  [OK]   A4 提示走的是新加的那个语言键
=== B 段：口径对称 / 数字没动 ===
  [FAIL] B1 两个方法都是「普通=输出罐、潜行=输入罐」
  [OK]   B2 每次手倒仍是 1000 mB
  [OK]   B3 锁定数字没动（50 mB/t、30 FE/t）
=== C 段：不凭空吞流体 ===
  [OK]   C1 自家容器：装多了要退回去
  [OK]   C2 别的容器：装多了要退回去
  [OK]   C3 倒的方向：罐里塞不下的部分还回容器
=== D 段：桶包装器那条 API 雷 ===
  [OK]   D1 按整桶模拟（drain(<一桶) 会返回空 —— 这条就是那记闷棍）
  [OK]   D2 按整桶取，多的再还回
=== E 段：探针 / 语言 / 文档 ===
  [OK]   E1 探针 12/0
  [OK]   E2 报告里有「罐空了 ⇒ 样板换得掉」那条实测
  [OK]   E3 五语都有新键且非空
  [FAIL] E4 档案 §4.173 + §5 ZF168 行
  [FAIL] E5 交接 §6 第 38 条
  [FAIL] E6 英文公告有 ZF168 段
  [OK]   E7 产物里有转化器 class
  [OK]   E8 产物里没有探针 class

通过 = 16   失败 = 4
  !! B1 两个方法都是「普通=输出罐、潜行=输入罐」
  !! E4 档案 §4.173 + §5 ZF168 行
  !! E5 交接 §6 第 38 条
  !! E6 英文公告有 ZF168 段
