== 锭（嵌套 + 扁平两种写法都发）==
  [写] data/c/tags/item/ingots/aluminum.json  (1 项)
  [写] data/c/tags/item/aluminum_ingots.json  (1 项)
  [写] data/c/tags/item/ingots/cobalt.json  (1 项)
  [写] data/c/tags/item/cobalt_ingots.json  (1 项)
  [写] data/c/tags/item/ingots/nickel.json  (1 项)
  [写] data/c/tags/item/nickel_ingots.json  (1 项)
  [写] data/c/tags/item/ingots/silver.json  (1 项)
  [写] data/c/tags/item/silver_ingots.json  (1 项)
  [写] data/c/tags/item/ingots/uranium.json  (1 项)
  [写] data/c/tags/item/uranium_ingots.json  (1 项)
  [写] data/c/tags/item/ingots/titanium.json  (1 项)
  [写] data/c/tags/item/titanium_ingots.json  (1 项)
  [写] data/c/tags/item/ingots/vibranium.json  (1 项)
  [写] data/c/tags/item/vibranium_ingots.json  (1 项)
  [写] data/c/tags/item/ingots/steel.json  (1 项)
  [写] data/c/tags/item/steel_ingots.json  (1 项)
  [写] data/c/tags/item/ingots/titanium_alloy.json  (1 项)
  [写] data/c/tags/item/titanium_alloy_ingots.json  (1 项)
  [写] data/c/tags/item/ingots/star_steel.json  (1 项)
  [写] data/c/tags/item/star_steel_ingots.json  (1 项)
  [写] data/c/tags/item/ingots/hard_titanium_alloy.json  (1 项)
  [写] data/c/tags/item/hard_titanium_alloy_ingots.json  (1 项)
  [写] data/c/tags/item/ingots/thermal_metal.json  (1 项)
  [写] data/c/tags/item/thermal_metal_ingots.json  (1 项)
== 粗矿 ==
  [写] data/c/tags/item/raw_materials/aluminum.json  (1 项)
  [写] data/c/tags/item/raw_materials/cobalt.json  (1 项)
  [写] data/c/tags/item/raw_materials/nickel.json  (1 项)
  [写] data/c/tags/item/raw_materials/silver.json  (1 项)
  [写] data/c/tags/item/raw_materials/uranium.json  (1 项)
  [写] data/c/tags/item/raw_materials/manganese.json  (1 项)
  [写] data/c/tags/item/raw_materials/lithium.json  (1 项)
  [写] data/c/tags/item/raw_materials/tungsten.json  (1 项)
  [写] data/c/tags/item/raw_materials/titanium.json  (1 项)
  [写] data/c/tags/item/raw_materials/vibranium.json  (1 项)
== 矿石（item + block 两份）==
  [写] data/c/tags/item/ores/aluminum.json  (1 项)
  [写] data/c/tags/block/ores/aluminum.json  (1 项)
  [写] data/c/tags/item/ores/cobalt.json  (2 项)
  [写] data/c/tags/block/ores/cobalt.json  (2 项)
  [写] data/c/tags/item/ores/nickel.json  (2 项)
  [写] data/c/tags/block/ores/nickel.json  (2 项)
  [写] data/c/tags/item/ores/silver.json  (2 项)
  [写] data/c/tags/block/ores/silver.json  (2 项)
  [写] data/c/tags/item/ores/uranium.json  (2 项)
  [写] data/c/tags/block/ores/uranium.json  (2 项)
  [写] data/c/tags/item/ores/manganese.json  (2 项)
  [写] data/c/tags/block/ores/manganese.json  (2 项)
  [写] data/c/tags/item/ores/lithium.json  (1 项)
  [写] data/c/tags/block/ores/lithium.json  (1 项)
  [写] data/c/tags/item/ores/tungsten.json  (2 项)
  [写] data/c/tags/block/ores/tungsten.json  (2 项)
  [写] data/c/tags/item/ores/titanium.json  (2 项)
  [写] data/c/tags/block/ores/titanium.json  (2 项)
== 矿石所在的岩石（block 标签，别的 mod 的机器靠它判掉落）==
  [写] data/c/tags/block/ores_in_ground/stone.json  (9 项)
  [写] data/c/tags/block/ores_in_ground/deepslate.json  (7 项)
== 单件 ==
  [写] data/c/tags/item/silicon.json  (1 项)
== 大类父标签（NeoForge 只列了原版子标签，不挂这层别人查『任意锭』看不到我们）==
  [写] data/c/tags/item/ingots.json  (12 项)
  [写] data/c/tags/item/ores.json  (16 项)
  [写] data/c/tags/item/raw_materials.json  (10 项)

⚠ 这些 c: 标签文件不是本脚本写的，确认是否该删：
    fluid\ammonia.json
    fluid\carbonic_acid.json
    fluid\carbon_dioxide.json
    fluid\chlorine.json
    fluid\crude_oil.json
    fluid\diesel.json
    fluid\gaseous.json
    fluid\gasoline.json
    fluid\hydrochloric_acid.json
    fluid\hydrogen.json
    fluid\lpg.json
    fluid\naphtha.json
    fluid\nitric_acid.json
    fluid\nitrogen.json
    fluid\oxygen.json
    fluid\sulfuric_acid.json

共 58 个标签文件
