要 add 的路径 118 个（不存在的 9 个，git add 会整体失败 ⇒ 已过滤）
  （不在盘上，跳过）build\zftools\_zf135_verify.py
  （不在盘上，跳过）build\zftools\_zf143_verify.py
  （不在盘上，跳过）build\zftools\_zf144_verify.py
  （不在盘上，跳过）src\main\java\com\potatost\mod\ElectricBlastFurnaceWrench.java
  （不在盘上，跳过）src\main\resources\assets\potato_s_t\models\item\electric_blast_furnace.json
  （不在盘上，跳过）src\main\resources\assets\potato_s_t\models\item\wrench.json
  （不在盘上，跳过）src\main\resources\assets\potato_s_t\textures\item\electric_blast_furnace.png
  （不在盘上，跳过）src\main\resources\assets\potato_s_t\textures\item\wrench.png
  （不在盘上，跳过）src\main\resources\data\potato_s_t\recipe\electric_blast_furnace.json
  E:\PotatoST\build\zftools\_zf162_commit.py
  E:\PotatoST\build\zftools\_zf162_docs.py
  E:\PotatoST\build\zftools\_zf162_falsify.py
  E:\PotatoST\build\zftools\_zf162_gatediff.py
  E:\PotatoST\build\zftools\_zf162_gatesnap.py
  E:\PotatoST\build\zftools\_zf162_lang.py
  E:\PotatoST\build\zftools\_zf162_peek.py
  E:\PotatoST\build\zftools\_zf162_pkg.py
  E:\PotatoST\build\zftools\_zf162_pre.py
  E:\PotatoST\build\zftools\_zf162_probe_mount.py
  E:\PotatoST\build\zftools\_zf162_reconfails.py
  E:\PotatoST\build\zftools\_zf162_retarget.py
  E:\PotatoST\build\zftools\_zf162_syntaxcheck.py
  E:\PotatoST\build\zftools\_zf162_unprobe.py
  E:\PotatoST\build\zftools\_zf162_verify.py
  build\zftools\_zf100_recipe_guard.py
  build\zftools\_zf100_verify.py
  build\zftools\_zf101_verify.py
  build\zftools\_zf102_verify.py
  build\zftools\_zf103_verify.py
  build\zftools\_zf104_verify.py
  build\zftools\_zf107_verify.py
  build\zftools\_zf108_verify.py
  build\zftools\_zf109_tabaudit.py
  build\zftools\_zf109_verify.py
  build\zftools\_zf111_verify.py
  build\zftools\_zf112_verify.py
  build\zftools\_zf113_verify.py
  build\zftools\_zf114_verify.py
  build\zftools\_zf117_audit.py
  build\zftools\_zf117_verify.py
  build\zftools\_zf118_verify.py
  build\zftools\_zf119_verify.py
  build\zftools\_zf120_verify.py
  build\zftools\_zf121_verify.py
  build\zftools\_zf122_verify.py
  build\zftools\_zf123_langaudit.py
  build\zftools\_zf123_verify.py
  build\zftools\_zf124_verify.py
  build\zftools\_zf125_verify.py
  build\zftools\_zf126_verify.py
  build\zftools\_zf127_verify.py
  build\zftools\_zf128_verify.py
  build\zftools\_zf133_verify.py
  build\zftools\_zf134_verify.py
  build\zftools\_zf137_verify.py
  build\zftools\_zf139_verify.py
  build\zftools\_zf140_verify.py
  build\zftools\_zf141_verify.py
  build\zftools\_zf142_verify.py
  build\zftools\_zf145_verify.py
  build\zftools\_zf146_verify.py
  build\zftools\_zf148_book.py
  build\zftools\_zf148_verify.py
  build\zftools\_zf149_jar.py
  build\zftools\_zf149_verify.py
  build\zftools\_zf150_verify.py
  build\zftools\_zf151_verify.py
  build\zftools\_zf153_verify.py
  build\zftools\_zf155_jarcheck.py
  build\zftools\_zf155_verify.py
  build\zftools\_zf156_jarcheck.py
  build\zftools\_zf156_verify.py
  build\zftools\_zf158_verify.py
  build\zftools\_zf160_verify.py
  build\zftools\_zf45_recipes.py
  build\zftools\_zf64_verify.py
  build\zftools\_zf70_verify.py
  build\zftools\_zf71_verify.py
  build\zftools\_zf72_verify.py
  build\zftools\_zf73_repro.py
  build\zftools\_zf73_verify.py
  build\zftools\_zf74_verify.py
  build\zftools\_zf75_verify.py
  build\zftools\_zf78_verify.py
  build\zftools\_zf79_verify.py
  build\zftools\_zf80_verify.py
  build\zftools\_zf81_verify.py
  build\zftools\_zf82_verify.py
  build\zftools\_zf89_verify.py
  build\zftools\_zf90_verify.py
  build\zftools\_zf91_verify.py
  build\zftools\_zf92_verify.py
  build\zftools\_zf93_verify.py
  build\zftools\_zf94_verify.py
  build\zftools\_zf95_verify.py
  build\zftools\_zf96_verify.py
  build\zftools\_zf97_verify.py
  build\zftools\_zf98_verify.py
  build\zftools\_zf99_verify.py
  docs\UpdateAnnouncement_EN.md
  docs\多会话协作交接.md
  docs\开发档案.md
  docs\贴图清单.md
  release\PotatoST-0.13.jar
  release\PotatoST-0.13.jar.sha1
  src\main\java\com\potatost\mod\AlloySmelterBlock.java
  src\main\java\com\potatost\mod\BlastFurnaceAssembly.java
  src\main\java\com\potatost\mod\EbfFormedTrigger.java
  src\main\java\com\potatost\mod\ElectricBlastFurnaceBlock.java
  src\main\java\com\potatost\mod\ElectricBlastFurnacePartBlock.java
  src\main\java\com\potatost\mod\FillingMachineBlock.java
  src\main\java\com\potatost\mod\FillingMachineBlockEntity.java
  src\main\java\com\potatost\mod\FillingMachineMenu.java
  src\main\java\com\potatost\mod\ModBlocks.java
  src\main\java\com\potatost\mod\ModItems.java
  src\main\java\com\potatost\mod\PotatoST.java
  src\main\java\com\potatost\mod\client\jei\PotatoSTJeiPlugin.java
  src\main\resources\assets\potato_s_t\lang\en_us.json
  src\main\resources\assets\potato_s_t\lang\ja_jp.json
  src\main\resources\assets\potato_s_t\lang\lzh.json
  src\main\resources\assets\potato_s_t\lang\ru_ru.json
  src\main\resources\assets\potato_s_t\lang\zh_cn.json
  src\main\resources\assets\potato_s_t\patchouli_books\guide\en_us\categories\faq.json
  src\main\resources\assets\potato_s_t\patchouli_books\guide\en_us\entries\faq\machine.json
  src\main\resources\assets\potato_s_t\patchouli_books\guide\en_us\entries\getting_started\rules.json
  src\main\resources\assets\potato_s_t\patchouli_books\guide\en_us\entries\materials\blast_alloy.json
  src\main\resources\data\potato_s_t\advancement\blast_furnace.json
