Reusing configuration cache.
> Task :processTestResources NO-SOURCE
> Task :cacheVersionManifest1.21.1 UP-TO-DATE
> Task :neoFormJoined1.21.1-20240808.144430ExtractNatives UP-TO-DATE
> Task :neoFormJoined1.21.1-20240808.144430DownloadAssets UP-TO-DATE
> Task :cacheVersionExecutableClient1.21.1 UP-TO-DATE
> Task :cacheVersionExecutableServer1.21.1 UP-TO-DATE
> Task :cacheVersionMappingsClient1.21.1 UP-TO-DATE
> Task :cacheVersionExtractedServer1.21.1 UP-TO-DATE
> Task :neoFormStripClient UP-TO-DATE
> Task :neoFormStripServer UP-TO-DATE
> Task :neoFormMergeMappings UP-TO-DATE
> Task :create1.21.1ClientExtraJar UP-TO-DATE
> Task :selectRawArtifactNg_dummy_ng.net.minecraft_client_1.21.1_client-extra UP-TO-DATE
> Task :neoFormMerge UP-TO-DATE
> Task :neoFormListLibraries UP-TO-DATE
> Task :neoFormRename UP-TO-DATE
> Task :neoFormListTransformLibraries UP-TO-DATE
> Task :neoFormDecompile UP-TO-DATE
> Task :neoFormInject UP-TO-DATE
> Task :neoFormPatch UP-TO-DATE
> Task :neoFormPatchUserDev UP-TO-DATE
> Task :neoFormTransformSource UP-TO-DATE
> Task :neoFormRecompile UP-TO-DATE
> Task :supplyRawJarForneoFormJoined1.21.1-20240808.144430 UP-TO-DATE
> Task :selectRawArtifactNg_dummy_ng.net.neoforged_neoforge_21.1.235 UP-TO-DATE
> Task :writeMinecraftClasspathJunit UP-TO-DATE
> Task :processResources

> Task :compileJava
E:\PotatoST\src\main\java\com\potatost\mod\ModFluids.java:46: 警告: [removal] FluidType 中的 initializeClient(Consumer<IClientFluidTypeExtensions>) 已过时, 且标记为待删除
                public void initializeClient(Consumer<IClientFluidTypeExtensions> consumer) {
                            ^
E:\PotatoST\src\main\java\com\potatost\mod\ModFluids.java:78: 警告: [removal] FluidType 中的 initializeClient(Consumer<IClientFluidTypeExtensions>) 已过时, 且标记为待删除
                public void initializeClient(Consumer<IClientFluidTypeExtensions> consumer) {
                            ^
E:\PotatoST\src\main\java\com\potatost\mod\ModFluids.java:110: 警告: [removal] FluidType 中的 initializeClient(Consumer<IClientFluidTypeExtensions>) 已过时, 且标记为待删除
                public void initializeClient(Consumer<IClientFluidTypeExtensions> consumer) {
                            ^
E:\PotatoST\src\main\java\com\potatost\mod\PotatoSTClient.java:33: 警告: [removal] EventBusSubscriber 中的 bus() 已过时, 且标记为待删除
@EventBusSubscriber(modid = PotatoST.MODID, bus = EventBusSubscriber.Bus.MOD, value = Dist.CLIENT)
                                            ^
E:\PotatoST\src\main\java\com\potatost\mod\PotatoSTClient.java:33: 警告: [removal] EventBusSubscriber 中的 Bus 已过时, 且标记为待删除
@EventBusSubscriber(modid = PotatoST.MODID, bus = EventBusSubscriber.Bus.MOD, value = Dist.CLIENT)
                                                                    ^
E:\PotatoST\src\main\java\com\potatost\mod\SolarPanelBlock.java:28: 错误: SolarPanelBlock不是抽象的, 并且未覆盖BaseEntityBlock中的抽象方法codec()
public class SolarPanelBlock extends BaseEntityBlock {
       ^
注: 某些输入文件使用或覆盖了已过时的 API。
注: 有关详细信息, 请使用 -Xlint:deprecation 重新编译。
1 个错误
5 个警告

> Task :compileJava FAILED

[Incubating] Problems report is available at: file:///E:/PotatoST/build/reports/problems/problems-report.html

FAILURE: Build failed with an exception.

* What went wrong:
Execution failed for task ':compileJava'.
> Compilation failed; see the compiler output below.
  注: 有关详细信息, 请使用 -Xlint:deprecation 重新编译。
  E:\PotatoST\src\main\java\com\potatost\mod\SolarPanelBlock.java:28: 错误: SolarPanelBlock不是抽象的, 并且未覆盖BaseEntityBlock中的抽象方法codec()
  public class SolarPanelBlock extends BaseEntityBlock {
         ^
  注: 某些输入文件使用或覆盖了已过时的 API。
  E:\PotatoST\src\main\java\com\potatost\mod\ModFluids.java:46: 警告: [removal] FluidType 中的 initializeClient(Consumer<IClientFluidTypeExtensions>) 已过时, 且标记为待删除
                  public void initializeClient(Consumer<IClientFluidTypeExtensions> consumer) {
                              ^
  E:\PotatoST\src\main\java\com\potatost\mod\ModFluids.java:78: 警告: [removal] FluidType 中的 initializeClient(Consumer<IClientFluidTypeExtensions>) 已过时, 且标记为待删除
                  public void initializeClient(Consumer<IClientFluidTypeExtensions> consumer) {
                              ^
  E:\PotatoST\src\main\java\com\potatost\mod\ModFluids.java:110: 警告: [removal] FluidType 中的 initializeClient(Consumer<IClientFluidTypeExtensions>) 已过时, 且标记为待删除
                  public void initializeClient(Consumer<IClientFluidTypeExtensions> consumer) {
                              ^
  E:\PotatoST\src\main\java\com\potatost\mod\PotatoSTClient.java:33: 警告: [removal] EventBusSubscriber 中的 bus() 已过时, 且标记为待删除
  @EventBusSubscriber(modid = PotatoST.MODID, bus = EventBusSubscriber.Bus.MOD, value = Dist.CLIENT)
                                              ^
  E:\PotatoST\src\main\java\com\potatost\mod\PotatoSTClient.java:33: 警告: [removal] EventBusSubscriber 中的 Bus 已过时, 且标记为待删除
  @EventBusSubscriber(modid = PotatoST.MODID, bus = EventBusSubscriber.Bus.MOD, value = Dist.CLIENT)
                                                                      ^
  1 个错误
  5 个警告

* Try:
> Check your code and dependencies to fix the compilation error(s)
> Run with --scan to generate a Build Scan (powered by Develocity).

BUILD FAILED in 4s
27 actionable tasks: 2 executed, 25 up-to-date
Configuration cache entry reused.
