① 图纸 vs 用户原话（逐格）
  [OK]   4 层 × 5 排 = 20 行全部一致
  [OK]   第 4 层是 5 排【空·耐热·耐热·空】（ZF58 用户补全的第 5 排）

② 控制器在图纸里的格
  [OK]   图纸里正好一个主控（[(1, 4, 3)]）
  [OK]   CTRL_Y/J/I = (1, 4, 3)，图纸里 C 在 (1, 4, 3)
  [OK]   主控在最右列（i=3）而不是最左列

③ 判定要查的 58 格
  [OK]   要查的格里没有空格（空的：无）

④ 介绍图的图例（四语言）
  [OK]   zh_cn 图例里 1/2/3/5/6/7 都对着方块自己的名字（不对的：无）
  [OK]   en_us 图例里 1/2/3/5/6/7 都对着方块自己的名字（不对的：无）
  [OK]   ja_jp 图例里 1/2/3/5/6/7 都对着方块自己的名字（不对的：无）
  [OK]   ru_ru 图例里 1/2/3/5/6/7 都对着方块自己的名字（不对的：无）
  [OK]   中文图例里 4 = 高炉
  [OK]   中文图例里 0 = 空
  [OK]   介绍里 10 行数字图（数到 10）

------------------------------
失败项 = 0
结论: 通过
