  [OK] src\main\java\com\potatost\mod\ModTiers.java
  [OK] src\main\resources\assets\potato_s_t\models\item\titanium_alloy_sword.json
  [OK] src\main\resources\assets\potato_s_t\models\item\titanium_alloy_pickaxe.json
  [OK] src\main\resources\data\potato_s_t\recipe\titanium_alloy_sword.json
  [OK] src\main\resources\data\potato_s_t\recipe\titanium_alloy_pickaxe.json
  [OK] src\main\resources\assets\potato_s_t\textures\item\titanium_alloy_sword.png
  [OK] src\main\resources\assets\potato_s_t\textures\item\titanium_alloy_pickaxe.png
  [OK] build\zftools\check\AlloyToolCheck.java
  [OK] build\zftools\_zf66_backup.py
  [OK] build\zftools\_zf66_png.py
  [OK] build\zftools\_zf66_rename.py
  [OK] build\zftools\_zf66_lang.py
  [OK] build\zftools\_zf66_verify.py
  [OK] build\zftools\_zf66_gates.ps1
  [OK] build\zftools\_zf66_publish.py
  [OK] build\zftools\_zf66_docs.py
  [OK] build\zftools\_zf66_archive.py
  [OK] build\zftools\_zf66_probe_utf8.txt
  [OK] build\zftools\zf66_falsify_utf8.txt
  [OK] build\zftools\zf66_falsify2.log
  [OK] build\zftools\_zf66_recipecheck_utf8.txt
  [OK] build\zftools\_zf66_gates_utf8.txt
  [OK] release\PotatoST-0.10.jar
  [OK] release\PotatoST-0.10.jar.sha1

归档目录: C:\Users\Administrator\Desktop\PotatoST救援_20260917_183054\zf66_pre\新增文件
文件数 = 24   失败项 = 0
