Reusing configuration cache.
> Task :processTestResources NO-SOURCE
> Task :cacheVersionManifest1.21.1 UP-TO-DATE
> Task :neoFormJoined1.21.1-20240808.144430DownloadAssets UP-TO-DATE
> Task :neoFormJoined1.21.1-20240808.144430ExtractNatives UP-TO-DATE
> Task :cacheVersionExecutableServer1.21.1 UP-TO-DATE
> Task :cacheVersionMappingsClient1.21.1 UP-TO-DATE
> Task :cacheVersionExecutableClient1.21.1 UP-TO-DATE
> Task :cacheVersionExtractedServer1.21.1 UP-TO-DATE
> Task :neoFormStripClient UP-TO-DATE
> Task :neoFormStripServer UP-TO-DATE
> Task :create1.21.1ClientExtraJar UP-TO-DATE
> Task :neoFormMergeMappings UP-TO-DATE
> Task :selectRawArtifactNg_dummy_ng.net.minecraft_client_1.21.1_client-extra UP-TO-DATE
> Task :neoFormMerge UP-TO-DATE
> Task :neoFormListLibraries UP-TO-DATE
> Task :neoFormRename UP-TO-DATE
> Task :neoFormListTransformLibraries UP-TO-DATE
> Task :neoFormDecompile UP-TO-DATE
> Task :neoFormInject UP-TO-DATE
> Task :neoFormPatch UP-TO-DATE
> Task :neoFormPatchUserDev UP-TO-DATE
> Task :neoFormTransformSource UP-TO-DATE
> Task :neoFormRecompile UP-TO-DATE
> Task :supplyRawJarForneoFormJoined1.21.1-20240808.144430 UP-TO-DATE
> Task :selectRawArtifactNg_dummy_ng.net.neoforged_neoforge_21.1.235 UP-TO-DATE
> Task :writeMinecraftClasspathJunit UP-TO-DATE
> Task :compileJava UP-TO-DATE
> Task :processResources
> Task :classes
> Task :testJunit NO-SOURCE
> Task :compileTestJava NO-SOURCE
> Task :testClasses UP-TO-DATE
> Task :test NO-SOURCE
> Task :check UP-TO-DATE
> Task :jar
> Task :jarJar SKIPPED
> Task :assemble
> Task :build

BUILD SUCCESSFUL in 2s
28 actionable tasks: 2 executed, 26 up-to-date
Configuration cache entry reused.
