[A114] hook registered
[A114]   [OK]   悬空木平台铺好了（225 格，实际应在 225）
[A114] 清场：丢掉 0 件旧掉落物
[A114] ① 物品属性
[A114]   [OK]   手上拿的确实是星轨坠
[A114]   [OK]   耐久上限 = 4（实际 4）
[A114]   [OK]   不可附魔（isEnchantable = false）
[A114]   [OK]   附魔价值 = 0（实际 0）
[A114]   [OK]   粗振金挂进了 c:raw_materials
[A114] ② 第一次起手
[A114]       右键结果 = CONSUME
[A114]   [OK]   仪式已建立
[A114]   [OK]   耐久 4 → 3（实际 3 点剩余）
[A114]   [OK]   截止时刻 = 现在 + 600 tick（实际 600）
[A114] ③ 窗口内再右键（应当取消）
[A114]       右键结果 = CONSUME
[A114]   [OK]   仪式被取消
[A114]   [OK]   取消不额外扣耐久（1 → 1）
[A114]   [OK]   取消阶段一条通报都不该发（实际 0）
[A114] ④ 重新起手
[A114]       右键结果 = CONSUME
[A114]   [OK]   第二次仪式已建立
[A114]   [OK]   耐久 3 → 2（实际 2 点剩余）
[A114]   [OK]   落点 = 玩家当时所在格（BlockPos{x=200, y=121, z=200}）
[A114] ⑤ 过了 10 秒再右键（应当被拒）
[A114]       右键结果 = CONSUME
[A114]   [OK]   仪式仍未被取消
[A114]   [OK]   已经通报过（实际 1 条）
[A114] ⑥ 玩家跑开 30 格（落点必须不动）
[A114]   [OK]   跑开处的地面快照取到了 25 格（实际 25）
[A114]   [OK]   陨石从 y=200 附近下来（实际 y=200.0）
[A114]   [OK]   威力落在 7~20（实际 14）
[A114]   [OK]   通报数 = 6 个节点 + 最后警告 + 天火降临 = 8（实际 8）
[A114] ⑦ 落地结算（威力 14）
[A114]   [OK]   爆炸破坏了地形（木平台少了 121 格）
[A114]   [OK]   带火：爆坑范围内出现火方块（12 格）
[A114]   [OK]   玩家跑开后原地毫发无伤（新位置脚下地面变了 0 格，应当 0）
[A114]    喷出 9 件：Raw Iron×1 Raw Aluminum×1 Raw Uranium×1 Raw Iron×1 Raw Lithium×1 Raw Tungsten×1 Raw Aluminum×1 Raw Tungsten×1 Raw Lithium×1
[A114]   [OK]   喷射件数 = 9（实际 9 件普通粗矿）
[A114]   [OK]   档位外的矿物 = 0 件（实际 0）
[A114]   [OK]   粗振金 = 0 个（实际 0）
[A114]   [OK]   落地后仪式已出表
[A114] verdict: ALL OK
