[A133] hook registered
[A133]       假玩家 zf133probe 入场：hp=20.0/20.0 alive=true 位置=100, 160, 100
[A133]   [OK]   假玩家已进服务端玩家表（getPlayer 查得到）
[A133]   [OK]   假玩家满血且存活（hp=20.0/20.0）
[A133]   [OK]   假玩家朝向是东（视线 x > 0.9，实际 1.000）
[A133]   [OK]   时间线常量两两不同（18 个）
[A133]       假玩家 zf133creative 入场：hp=20.0/20.0 alive=true 位置=100, 160, 100
[A133] 试验场就绪：玩家 BlockPos{x=100, y=160, z=100}，朝向 east
[A133] 试验场清怪：0 只（难度已设和平）
[A133]       [HP] t=20 hp=20.0 alive=true mode=SURVIVAL 视线=(1.0, -0.0, 1.2246468525851679E-16)
[A133] ① 物品与档位
[A133]   [OK]   拿在手上的是星璨钢斧
[A133]   [OK]   耐久上限 = 1192（实际 1192）
[A133]   [OK]   不可堆叠（stacksTo = 1，实际 1）
[A133]   [OK]   附魔权重 = 22（实际 22）
[A133]   [OK]   修理材料 = 星璨钢锭
[A133]   [OK]   档位耐久 = 1192（实际 1192）
[A133]   [OK]   档位挖掘速度 = 9.0（实际 9.0）
[A133]   [OK]   挖掘等级 = 钻石（挖不动的方块集合就是 INCORRECT_FOR_DIAMOND_TOOL）
[A133]   [OK]   黑曜石：斧子挖不动（原版行为，与等级无关）
[A133]   [OK]   黑曜石：下界合金镐挖得动 ⇒ 上面那条的差别在工具种类
[A133]   [OK]   黑曜石：钻石镐也挖得动（对照，钻石这一档不低）
[A133]   [OK]   斧子带属性组件（ATTRIBUTE_MODIFIERS 不为空）
[A133]   [OK]   斧子自带一条攻击力修饰符（加法值 16.0，= 参数 8.0 + 档位加成 8.0 = 16.0）
[A133]       [ATTR] 按 1.21 的记账，游戏里显示的总伤害 = 1 + 16.0 = 17.0
[A133]   [OK]   装备那一份被摘掉：baseAttackDamage 仍是 1.0（实际 1.0）
[A133]   [OK]   玩家自身的加成被算进去：1 + 12 = 13.0（实际 13.0）
[A133]   [OK]   远程伤害随之变成 10 + 0.5*13 = 16.5（实际 16.5）
[A133]   [OK]   摘掉之后回到 1.0（实际 1.0）
[A133]   [OK]   空手/无武器加成时基础伤害 = 1.0（实际 1.0）
[A133]   [OK]   远程伤害公式 10 + 0.5n（n=1 ⇒ 10.5，实际 10.5）
[A133]   [OK]   宽度 = 6（实际 6）
[A133]   [OK]   花费 = 120 / 冷却 = 300 tick
[A133]       [HP] t=40 hp=20.0 alive=true mode=SURVIVAL 视线=(1.0, -0.0, 1.2246468525851679E-16)
[A133] ② (b) 整排 6 根原木 + 头顶树叶
[A133]       [B] 出手前 x=101 z=-3 = Oak Log ／ x=102 y=161 = Oak Leaves
[A133]       [B] 出手前 x=101 z=-2 = Oak Log ／ x=102 y=161 = Oak Leaves
[A133]       [B] 出手前 x=101 z=-1 = Oak Log ／ x=102 y=161 = Oak Leaves
[A133]       [B] 出手前 x=101 z=0 = Air ／ x=102 y=161 = Oak Leaves
[A133]       [B] 出手前 x=101 z=1 = Oak Log ／ x=102 y=161 = Oak Leaves
[A133]       [B] 出手前 x=101 z=2 = Oak Log ／ x=102 y=161 = Oak Leaves
[A133]       [D9] x=101 z=-3 -> Oak Log | x=102 y=161 -> Oak Leaves
[A133]       [D9] x=101 z=-2 -> Oak Log | x=102 y=161 -> Oak Leaves
[A133]       [D9] x=101 z=-1 -> Oak Log | x=102 y=161 -> Oak Leaves
[A133]       [D9] x=101 z=0 -> Air | x=102 y=161 -> Oak Leaves
[A133]       [D9] x=101 z=1 -> Oak Log | x=102 y=161 -> Oak Leaves
[A133]       [D9] x=101 z=2 -> Oak Log | x=102 y=161 -> Oak Leaves
[A133]       [D9] x=101 z=3 -> Oak Log | x=102 y=161 -> Oak Leaves
[A133]       [D9] 手上是 potato_s_t:star_steel_axe 玩家 100, 160, 100
[A133]       右键结果 = CONSUME（耐久 120/1192）
[A133]   [OK]   右键出手（结果 = CONSUME）
[A133]   [OK]   扣 120 点耐久（0 → 120）
[A133]   [OK]   波已起（activeCount = 1）
[A133]       [WAVES] t=120 activeCount=0 玩家=100, 160, 100 hp=20.0
[A133]       [HP] t=120 hp=20.0 alive=true mode=SURVIVAL 视线=(1.0, -0.0, 1.2246468525851679E-16)
[A133]       [TR] 检查时玩家在哪：100, 160, 100 站在 Stone
[A133]   [OK]   宽度内 6 根原木全拆（剩 0 根）
[A133]   [OK]   宽度内 6 格树叶全拆（剩 0 格）
[A133]   [OK]   宽度外那一根原木没被碰到（A7 还在）
[A133]   [OK]   波已经走完（activeCount = 0）
[A133] ③ (d) 石头墙挡路
[A133]       右键结果 = CONSUME（耐久 240/1192）
[A133]   [OK]   波在石头墙前就没了（activeCount = 0）
[A133]   [OK]   墙后那根原木**还在**（证明撞墙即停）
[A133]   [OK]   石头墙本身没被拆（斧子挖不动它）
[A133] ④ (e) 拆完木头再飞 10 秒 ⇒ 自己散掉
[A133]       [E] 出手前 x=104 第0列 104, 160, 97 = Air
[A133]       [E] 出手前 x=104 第1列 104, 160, 98 = Air
[A133]       [E] 出手前 x=104 第2列 104, 160, 99 = Air
[A133]       [E] 出手前 x=104 第3列 104, 160, 100 = Oak Log
[A133]       [E] 出手前 x=104 第4列 104, 160, 101 = Air
[A133]       [E] 出手前 x=104 第5列 104, 160, 102 = Air
[A133]       [E] 玩家 100, 160, 100 手上 potato_s_t:star_steel_axe
[A133]       右键结果 = CONSUME（耐久 360/1192）
[A133]       [WAVES] t=270 activeCount=0 玩家=100, 160, 100 hp=20.0
[A133]       [TR] (e) 检查时玩家在哪：100, 160, 100
[A133]   [OK]   那一格木头被拆掉了
[A133]   [OK]   10 秒没碰到木头 ⇒ 波自己散掉（activeCount = 0）
[A133] ⑤ (i) 滚动窗口：拆到木头就重新计时
[A133]       右键结果 = CONSUME（耐久 480/1192）
[A133]       [WAVES] t=490 activeCount=1 玩家=100, 160, 100 hp=20.0
[A133]   [OK]   拆到木头之后 57 tick（仍在 64 格射程内），波**还活着**（activeCount = 1）
[A133]   [OK]   再飞 300 tick（远超 64 格射程）⇒ 波已散（activeCount = 0）
[A133] ⑥ (h) 末地：10 + 0.5n 的远程伤害
[A133]       假玩家 zf133end 入场：hp=20.0/20.0 alive=true 位置=0, 100, 6
[A133]   [OK]   末地那台假玩家活着（hp=20.0/20.0 alive=true）
[A133]   [OK]   末地那台假玩家的维度**真的是末地**（实际 minecraft:the_end）
[A133]   [OK]   力量 I 之后基础伤害 n = 4.0（实际 4.0）
[A133]   [OK]   期望远程伤害 = 10 + 0.5*4 = 12.0（实际 12.0）
[A133]       [DMG] 末影人 @ 0.50,100.00,12.50 维度=minecraft:the_end 发射者 @ 0.50,100.00,6.50 维度=minecraft:the_end（探针手里的 end 变量 = minecraft:the_end）
[A133]   [OK]   末影人已就位（血量 40.0）
[A133]       [DMG-OK] Enderman 吃 12.0（来源 player）
[A133]       [DIRECT] damageAt(0, 100, 12)：末影人 40.0 -> 28.0（掉 12.0）
[A133]   [OK]   直接结算：末影人掉 12.0 = 10 + 0.5 × 4（实际 12.0）
[A133]       [DMG-OK] Enderman 吃 12.0（来源 player）
[A133]       [DIRECT] 同一格再来一次：末影人 28.0 -> 28.0
[A133]   [OK]   同一格连续两次只掉一次（原版无敌帧生效）
[A133]       [HP0] 出手前末地活实体 3 个：[zf133end#95, Ender Dragon#63, Enderman#96]
[A133]       右键结果 = CONSUME（耐久 120/1192）
[A133]   [OK]   末地出手成功（结果 = CONSUME）
[A133]       [WAVES] t=800 activeCount=1 玩家=100, 160, 100 hp=20.0
[A133]       [HP1] 掉血的实体 0 个：
[A133]       [HP1-记录] 快照法看到掉血实体 0 个（末地龙会再生 ⇒ 不可靠）
[A133]   [OK]   （记录）事件监听抓不到这条伤害：末地龙不调 super.hurt
[A133] ⑦ (f) 15 秒冷却
[A133]       右键结果 = CONSUME（耐久 120/1192）
[A133]   [OK]   出手后进入冷却（isOnCooldown = true）
[A133]   [OK]   出手那一刻冷却满格（percent = 1.0）
[A133]       右键结果 = PASS（耐久 120/1192）
[A133]   [OK]   冷却中再右键不出手（结果 = PASS）
[A133]   [OK]   冷却中不额外扣耐久（120 → 120）
[A133]   [OK]   冷却中不起波（activeCount = 0）
[A133]   [OK]   第 299 tick 时仍在冷却（实际 true）
[A133]   [OK]   tick 满 300 次后冷却解开（实际 false）
[A133] ⑧ (g) 耐久不够一次 120
[A133]       右键结果 = FAIL（耐久 1073/1192）
[A133]   [OK]   耐久 119 < 120 ⇒ 拒绝出手（结果 = FAIL）
[A133]   [OK]   拒绝时不扣耐久（1073 → 1073）
[A133]   [OK]   拒绝时不进冷却
[A133]   [OK]   拒绝时不起波
[A133]       [DBG] (g2) 手上是 potato_s_t:star_steel_axe 耐久=1072/1192 冷却中=false
[A133]       右键结果 = CONSUME（耐久 0/0）
[A133]   [OK]   耐久正好 120 ⇒ 出手（结果 = CONSUME）
[A133]   [OK]   正好扣光那 120（1072 → 0）
[A133] ⑨ (c) 创造模式
[A133]       [DBG] 创造玩家：gameType=CREATIVE 手上是同一把=true 出手前耐久=0
[A133]       右键结果 = CONSUME（耐久 0/1192）
[A133]   [OK]   创造模式玩家照常出手（结果 = CONSUME）
[A133]       [DBG] 创造玩家出手后耐久 = 0（原版创造模式不掉耐久 ⇒ 0 是正常的）
[A133] ⑩ (j) 斜角 21°：斜线上的原木必须被拆、正东那一列必须没事
[A133]       [J] 朝向设成 yaw=-69.00 ⇒ 视线 0.934,0.358
[A133]       [J] 斜线靶子 3 根：[BlockPos{x=106, y=160, z=101}, BlockPos{x=106, y=160, z=102}, BlockPos{x=105, y=160, z=103}]
[A133]       [J] 对照（不该被拆）2 根：[BlockPos{x=105, y=160, z=110}, BlockPos{x=106, y=160, z=112}]
[A133]       [J] 手上=1 potato_s_t:star_steel_axe 空? false 耐久=0/1192
[A133]       [J] 静态 axe 空? false 耐久=0/1192 同一实例? true
[A133]       [J] shift=false 冷却中=false activeWaves=0 存活=true hp=20.0 主手耐久=0/1192
[A133]       右键结果 = CONSUME（耐久 120/1192）
[A133]   [OK]   斜线靶子 3 根全拆（剩 0 根）
[A133]   [OK]   正东那一列的对照点没被碰（被拆 0 根）
[A133] verdict: ALL OK
