[A146] hook registered
[A146] 世界 = zf146restart，本次是第 2 次开服
[A146] 存档数据文件 = .\zf146restart\.\data\potato_s_t_starfall.dat（存在 true）
[A146] 试验场：悬空木平台 BlockPos{x=200, y=121, z=200}（15×15）
[A146] ① 回到世界：世界时间 = 1151（上次退出在 1151）
[A146]     预期落地时刻 = 1451 ⇒ 现在应当还剩 300 tick
[A146]   [OK]   世界时间跨重启继续、没有归零
[A146]   [OK]   存档里留下了仪式数据（potato_s_t_starfall.dat）
[A146] ② 仪式未落地时右键（应当被拒）
[A146]       右键结果 = CONSUME
[A146]   [OK]   被拒且耐久不动（0 → 0）—— 说明上一场的倒计时还在
[A146]   [OK]   进世界不补发过时的通报（实际 0 条）
[A146] ② 陨石生成：世界时间 = 1451（预期 1451，差 0 tick）、威力 = 14、y = 200.0
[A146]   [OK]   倒计时在**退出前剩下的**时间里走完（差 0 tick，允许 ±5）
[A146]   [OK]   陨石从 y=200 下来（实际 y=200.0）
[A146]   [OK]   威力落在 7~20（实际 14）
[A146]   [OK]   重启后倒计时确实跑过（通报 ≥1 条，实际 5）
[A146] ③ 落地结算（威力 14）
[A146]   [OK]   爆炸真的发生了（落点平台少了 121 格）
[A146] ④ 落地之后再右键一次（应当能重新起手）
[A146]       右键结果 = CONSUME
[A146]   [OK]   星轨坠又能用了（耐久 0 → 1）
[A146] verdict: ALL OK
