[A153] hook registered
[A153] 试验场：悬空木平台 BlockPos{x=200, y=120, z=200}（15×15，起跳净空 5 格）
[A153] ======== A 物品事实 ========
[A153]   [OK]   A1 注册名 = potato_s_t:vibranium_sword   实测：potato_s_t:vibranium_sword
[A153]   [OK]   A2 名字在语言表里念得出（键 item.potato_s_t.vibranium_sword）   实测：Vibranium Sword
[A153]   [OK]   A3 带 ATTRIBUTE_MODIFIERS 组件
[A153]       组件里的攻击力修饰符 = 23.0（= 参数 + 档位加成 8.0）
[A153]   [OK]   A4 修饰符 == 剑的参数 + 档位加成（23.0 == 15.0 + 8.0）
[A153]       ⇒ 显示的总伤害 = 1 + 23.0 = 24.0（用户要的 24）
[A153]   [OK]   A5 显示总伤害 = 24.0   实测：24.0
[A153]   [OK]   A6 带攻速修饰符
[A153]       ⇒ 攻速 = 4.0 + -2.5999999046325684 = 1.4000000953674316 次/秒（用户要的 1.4）
[A153]   [OK]   A7 攻速 = 1.4   实测：1.4000000953674316
[A153]   [OK]   A8 附魔权重 = 1（用户要的）   实测：1
[A153]   [OK]   A9 组件里有 UNBREAKABLE
[A153]   [OK]   A10 isDamageableItem() == false（于是 hurtAndBreak 是空操作）
[A153]       看不见的那个耐久 = 2031（下界合金剑同款；挂着 UNBREAKABLE 玩家看不到）
[A153]   [OK]   A11 真扣 500 点之后耐久一点没动（0 → 0）
[A153]   [OK]   A12 物品还在（没被扣爆）
[A153]   [OK]   A13 注册表里有本模组的创造页
[A153]       （创造页内容在无头服务端里还没构建 ⇒ 这条留给静态检查 _zf153_verify.py 的 B 组）
[A153] ======== B 拿在手里免疫凋零 / 缓慢 / 挖掘疲劳 ========
[A153]   [OK]   B1 前置：空手（getMainHandItem 为空）
[A153]   [OK]   B2 空手时 wither 挂得上（灵敏度对照）
[A153]   [OK]   B2 空手时 slowness 挂得上（灵敏度对照）
[A153]   [OK]   B2 空手时 mining_fatigue 挂得上（灵敏度对照）
[A153]   [OK]   B3 前置：手里拿着振金剑
[A153]   [OK]   B4 拿着剑时 wither 挂不上（addEffect 返回 false、身上也没有）
[A153]   [OK]   B4 拿着剑时 slowness 挂不上（addEffect 返回 false、身上也没有）
[A153]   [OK]   B4 拿着剑时 mining_fatigue 挂不上（addEffect 返回 false、身上也没有）
[A153]   [OK]   B5 拿着剑时 haste 仍然挂得上（没有一刀切）
[A153]   [OK]   B5 拿着剑时 speed 仍然挂得上（没有一刀切）
[A153]   [OK]   B7 空手挂上的凋零（true/true）⇒ 一拿起剑就被清掉
[A153] ① 试验场就绪，世界时间 = 40（接下来在第 +20 / +30 / +40 tick 三批取证）
[A153] ======== C 猛击地面（Shift + 右键）=======
[A153]   [OK]   C1 三个范围内 husk + 一个范围外 husk 都造出来了（3 + 1）
[A153]       n（玩家基础伤害，不含手持装备）= 1.0 ⇒ 这一下应当各掉 13.0 点
[A153]       （参考：拿剑时 getAttributeValue(ATTACK_DAMAGE) = 1.0，那个值含武器、不当判据）
[A153]       右键结果 = CONSUME
[A153]   [OK]   C2 出手成功（服务端结果是 CONSUME）   实测：CONSUME
[A153]   [OK]   C3 进了冷却（原版物品冷却）
[A153]       冷却进度 = 1.0（6 秒 = 120 tick，刚出手应当接近 1.0）
[A153]   [OK]   C4 冷却进度 > 0.9（说明是刚上的 6 秒）   实测：1.0
[A153]       husk#1 税前 13.0 → 过护甲（2 点）后应当掉 12.792001，实测掉 12.792001
[A153]   [OK]   C5.1 范围内 husk#1 掉血 = 12.792001（税前 n+12 = 13.0）
[A153]   [OK]   C6.1 失明挂上了（时长 80 tick，要 80）
[A153]   [OK]   C7.1 缓慢挂上了（时长 80 tick，要 80）
[A153]       husk#1 速度 = (0.7, 0.8, 0.0)，朝外点积 = 1.4
[A153]   [OK]   C8.1 被向上击飞（速度 y > 0.3）   实测：0.8
[A153]   [OK]   C9.1 水平方向是背离玩家的（点积 > 0）   实测：1.4
[A153]       husk#2 税前 13.0 → 过护甲（2 点）后应当掉 12.792001，实测掉 12.792001
[A153]   [OK]   C5.2 范围内 husk#2 掉血 = 12.792001（税前 n+12 = 13.0）
[A153]   [OK]   C6.2 失明挂上了（时长 80 tick，要 80）
[A153]   [OK]   C7.2 缓慢挂上了（时长 80 tick，要 80）
[A153]       husk#2 速度 = (-0.65, 0.8, 0.26)，朝外点积 = 1.885
[A153]   [OK]   C8.2 被向上击飞（速度 y > 0.3）   实测：0.8
[A153]   [OK]   C9.2 水平方向是背离玩家的（点积 > 0）   实测：1.885
[A153]       husk#3 税前 13.0 → 过护甲（2 点）后应当掉 12.792001，实测掉 12.792001
[A153]   [OK]   C5.3 范围内 husk#3 掉血 = 12.792001（税前 n+12 = 13.0）
[A153]   [OK]   C6.3 失明挂上了（时长 80 tick，要 80）
[A153]   [OK]   C7.3 缓慢挂上了（时长 80 tick，要 80）
[A153]       husk#3 速度 = (0.0, 0.8, 0.7)，朝外点积 = 2.03
[A153]   [OK]   C8.3 被向上击飞（速度 y > 0.3）   实测：0.8
[A153]   [OK]   C9.3 水平方向是背离玩家的（点积 > 0）   实测：2.03
[A153]   [OK]   C10 范围外 husk 血没掉（20.0 → 20.0）
[A153]   [OK]   C11 范围外 husk 没有失明
[A153]   [OK]   C12 范围外 husk 没有缓慢
[A153]   [OK]   C13 范围外 husk 没被向上击飞（速度 y < 0.3）   实测：0.0
[A153]   [OK]   C14 自己没掉血（20.0 → 20.0）
[A153]   [OK]   C15 自己身上没有被这一下带上来的失明/缓慢
[A153] ======== C 猛击：10 tick 之后的位移 ========
[A153]       范围内 husk#1 起飞高度 = 3.971 格
[A153]   [OK]   C16 10 tick 之后它真的离地了（> 1.5 格）   实测：3.971
[A153]   [OK]   C17 范围外那个原地不动（竖直位移 0.0 格）
[A153] ======== C 猛击：冷却中再按一次 ========
[A153]       右键结果 = PASS（冷却中应当是 PASS）
[A153]   [OK]   C18 冷却中被拒（结果 = PASS）
[A153]   [OK]   C19 冷却中目标没再掉血（7.207999 → 7.207999）
[A153]       新目标：20.0 → 7.207999（掉 12.792001）
[A153]   [OK]   C20 冷却清掉后立刻又能用（新目标掉 12.792001，结果 CONSUME）
[A153]       （参考：原来那三个又挨了一下，第一个掉了 0.0）
[A153] verdict: ALL OK
