[A167] hook registered
[A167] 试验场：悬空木平台 BlockPos{x=320, y=120, z=320}（17×17）
[A167] ======== A 注册与名字 ========
[A167]   [OK]   A1 空铝罐注册名 = potato_s_t:empty_aluminum_can   实测：potato_s_t:empty_aluminum_can
[A167]   [OK]   A2 可乐注册名 = potato_s_t:cola   实测：potato_s_t:cola
[A167]   [OK]   A3 饮料罐装机注册名 = potato_s_t:beverage_canning_machine   实测：potato_s_t:beverage_canning_machine
[A167]   [OK]   A4 两个名字在语言表里念得出   实测：Empty Aluminum Can / Cola
[A167]   [OK]   A5 可乐的食用音效 = 蜂蜜瓶那一支（HONEY_DRINK）
[A167]   [OK]   A6 可乐是食物（FOOD 组件在）
[A167]   [OK]   A7 饥饿值 3 / 饱和度点数 9（注册时写的修饰值是 1.5）   实测：3 / 9.0
[A167]   [OK]   A8 食物自带两条效果（急迫 2400t / 生命恢复 60t）   实测：2
[A167] ======== B 四张配方 ========
[A167]   [OK]   B1 空铝罐的合成配方在（potato_s_t:empty_aluminum_can）
[A167]   [OK]   B2 空铝罐配方产物 = 2 个空铝罐   实测：2 x potato_s_t:empty_aluminum_can
[A167]   [OK]   B3 smelting 配方在（potato_s_t:empty_aluminum_can_from_smelting）
[A167]   [OK]   B4 smelting 产物 = 5 个铝粒   实测：5 x potato_s_t:aluminum_nugget
[A167]   [OK]   B5 smelting 的输入真的是空铝罐
[A167]   [OK]   B3 blasting 配方在（potato_s_t:empty_aluminum_can_from_blasting）
[A167]   [OK]   B4 blasting 产物 = 5 个铝粒   实测：5 x potato_s_t:aluminum_nugget
[A167]   [OK]   B5 blasting 的输入真的是空铝罐
[A167]   [OK]   B6 机器本体的合成配方在
[A167]   [OK]   B7 罐装机那一条配方命中（2 糖 + 1 可可豆 + 1 空铝罐）
[A167]   [OK]   B8 配方数值：10 碳酸 / 500 水 / 0 乙醇 / 100 tick / 600 FE/t   实测：10/500/0 100t 600FE/t
[A167]   [OK]   B9 一轮总共 60,000 FE   实测：60000
[A167]   [OK]   B10 负向：换成面包就命中不了
[A167]   [OK]   B11 负向：只有 1 个糖也不命中（要 2 个）
[A167] ======== D 乙醇罐认的是 c:ethanol 标签 ========
[A167]   [OK]   D1 标签名 = c:ethanol   实测：c:ethanol
[A167]   [OK]   D2 乙醇罐**不收**水（负向）
[A167]   [OK]   D3 乙醇罐**不收**碳酸（负向）
[A167]   [OK]   D4 水罐**不收**碳酸（负向）
[A167]   [OK]   D5 碳酸罐**不收**水（负向）
[A167]       c:ethanol 标签里现在有 0 种流体（本探针环境没装沉浸工程 ⇒ 正向那条只能静态看）
[A167]   [OK]   机器放得下、方块实体建起来了
[A167] ======== C 三只罐的容量与灌入 ========
[A167]   [OK]   C1 容量：碳酸 100 / 水 1000 / 乙醇 100 mB   实测：100/1000/100
[A167]   [OK]   C2 储能 = 12,000 FE（20 tick 的钱）   实测：12000
[A167]       灌入结果：碳酸 +100 mB，水 +1000 mB
[A167]   [OK]   C3 碳酸灌满 100 mB
[A167]   [OK]   C4 水灌满 1000 mB
[A167]   [OK]   C5 水罐满了之后不再收（多灌 500 只进 0）
[A167]   [OK]   C6 三只罐都是**只进不出**（drain 拿到 0 mB）
[A167] ======== C 装料（2 糖 + 1 可可豆 + 1 空铝罐）=======
[A167]       起点：能量 0 FE，罐 100/1000/0 mB
[A167] ① 试验场就绪，世界时间 = 220（接下来 +20 装料 / +160 收账 / +200 负向对照）
[A167] ======== C 红石信号 = 停机 ========
[A167]   [OK]   C7 红石信号下状态 = DISABLED（0）   实测：0
[A167]   [OK]   C8 撤掉红石后不再停机（状态 3）
[A167] ======== C 跑完一轮的账 ========
[A167]   [OK]   C9 产出 1 罐可乐（1 x potato_s_t:cola）
[A167]   [OK]   C10 三个输入槽都扣干净了（糖 0 / 可可豆 0 / 空铝罐 0）
[A167]   [OK]   C11 碳酸正好扣 10 mB（实扣 10）
[A167]   [OK]   C12 水正好扣 500 mB（实扣 500）
[A167]   [OK]   C13 乙醇一点没动（实扣 0）
[A167]       喂进去的电 = 72000 FE（一轮应当正好 60000），机器里还剩 12000 FE
[A167]   [OK]   C14 喂进去的电 ≥ 一轮的钱（72000 ≥ 60000）
[A167]   [OK]   C15 净耗电 = 60,000 FE（喂进去 72000 − 缓冲里剩 12000）   实测：实得 60000
[A167]   [OK]   C16 进度回到 0（这一轮结束了）   实测：0
[A167] ======== E 负向对照 ========
[A167]       （输入罐只进不出 ⇒ 没法把水抽掉，所以'缺流体'改由缺电/输出满两条负向来验；碳酸罐现有 90 mB）
[A167]   [OK]   E1 料齐 + 流体齐 ⇒ 状态不是'缺流体'（1）
[A167] ======== E 可乐：吃一罐 ========
[A167]       饥饿 10 → 13，饱和度 0 → 9.0，急迫 2400t，生命恢复 60t
[A167]   [OK]   E2 恢复 3 点饥饿值（10 → 13）   实测：13
[A167]   [OK]   E3 恢复 9 点饱和度（0 → 9）   实测：9.0
[A167]   [OK]   E4 急迫 120 秒（2400 tick）   实测：2400
[A167]   [OK]   E5 生命恢复 I 3 秒（60 tick）   实测：60
[A167]   [OK]   E6 吃完返还一个空铝罐（返回值就是它，走的原版 usingConvertsTo）   实测：finishUsingItem 返回 potato_s_t:empty_aluminum_can
[A167]   [OK]   E7 可乐本身被消耗掉了（手上那格已空）
[A167] ======== E 负向：输出满 / 缺电 ========
[A167]   [OK]   E8 第二台机器建起来了
[A167]   [OK]   E9 输出槽被石头占着 ⇒ 状态 = OUTPUT_FULL（4），实测 4
[A167]   [OK]   E10 输出腾空后立刻开跑（状态 5）
[A167]   [OK]   E11 没电 ⇒ 状态 = NO_POWER（3），实测 3
[A167]   [OK]   E12 有料有电但罐是空的 ⇒ 状态 = NO_FLUID（20），实测 20
[A167]   [OK]   E13 「缺流体」用的是新号 20（没蹭液压机的 6）
[A167] verdict: ALL OK
